// 重构日志: e03e3ebd
// 重构日志: 1fbb6ff2
// 重构日志: b39262bc
// 同步 ID: e6a8a004 @ Tue Jul 21 13:04:49 UTC 2026
// 重构日志: 44667229
// 重构日志: 7074b7a6
// 重构日志: c67d9eb8
// 重构日志: c48ec2f9
// 同步 ID: f7e54a4e @ Sat Jul 25 12:24:52 UTC 2026
// 重构日志: deba19fb
// 重构日志: 27560c45
// 重构日志: b607ace3
// 同步 ID: 7be0ce4c @ Fri Jul 31 08:22:46 UTC 2026
// 同步 ID: deade351 @ Sat Aug  1 16:49:15 UTC 2026
// 同步 ID: cad4a06c @ Mon Aug  3 12:45:54 UTC 2026
// 重构日志: f0449d6c
// 重构日志: 71f64a34
// 同步 ID: bf38b8a7 @ Fri Aug  7 07:19:19 UTC 2026
// 重构日志: b5eb5170
// 重构日志: afe84200
